Outputs were generated using MAP++ 0af4-dirty.

    Sunday September 07-2014 at 16:44:12 PM

    Gravity constant          [m/s^2]  : 9.81
    Sea density               [kg/m^3] : 1025.00
    Water depth               [m]      : 350.00
    Vessel reference position [m]      : 0.00 , 0.00 , 0.00

    Cable Type          : chainup
    Diameter     [m]    : 0.0649
    Mass Density [kg/m] : 138.73
    EA           [N]    : 545000000.00
    omega        [N/m]  : 1327.65
    CB                  : 1.00

    Cable Type          : polyester
    Diameter     [m]    : 9.0000
    Mass Density [kg/m] : 8.00
    EA           [N]    : 7.00
    omega        [N/m]  : -639608.91
    CB                  : 6.00

    Cable Type          : material
    Diameter     [m]    : 323.0000
    Mass Density [kg/m] : 3.00
    EA           [N]    : 43.00
    omega        [N/m]  : -823925226.37
    CB                  : 3434.00

          | Node 1 Data            Node 2 Data            Node 3 Data            Node 4 Data
          | -------------------------------------------------------------------------------------------
Type      |  FIX                    VESSEL                 FIX                    VESSEL
X  [m]    |  0.000                   0.000                  0.000                  0.000
Y  [m]    |  -520.000               -20.000                -520.000               -20.000
Z  [m]    |  -120.000               -40.000                -120.000               -40.000
M  [kg]   |  0.000                   0.000                  0.000                  0.000
B  [m^3]  |  0.000                   0.000                  0.000                  0.000
FX [N]    | (-0.000)               ( 0.000)               (-0.000)               ( 0.000)
FY [N]    | (-239636.333)          ( 239636.333)          (-239636.333)          ( 239636.333)
FZ [N]    | ( 391238.903)          ( 511561.602)          ( 391238.903)          ( 511561.602)


                | Line 1
                | ---------------------------------------
Material        |  chainup
Lu        [m]   |  680.000
Lb        [m]   | 0.000
H         [N]   |  239636.333
V         [N]   |  511561.602
T         [N]   |  564907.819
Alpha     [deg] |  64.900
HAnch     [N]   |  239636.333
VAnch     [N]   | -391238.903
TAnch     [N]   |  458795.653
AlphaAnch [deg] | -58.512
L^2-Norm        |  5.684342e-14
Function Evals  |  5
Jacobian Evals  |  4
Term. criteria  |  2 : ||x_i - x_{i-1}||  <= INNER_XTOL.


                | Line 2
                | ---------------------------------------
Material        |  chainup
Lu        [m]   |  680.000
Lb        [m]   | 0.000
H         [N]   |  239636.333
V         [N]   |  511561.602
T         [N]   |  564907.819
Alpha     [deg] |  64.900
HAnch     [N]   |  239636.333
VAnch     [N]   | -391238.903
TAnch     [N]   |  458795.653
AlphaAnch [deg] | -58.512
L^2-Norm        |  5.684342e-14
Function Evals  |  5
Jacobian Evals  |  4
Term. criteria  |  2 : ||x_i - x_{i-1}||  <= INNER_XTOL.


---------------------- LINE DICTIONARY ---------------------------------------
LineType  Diam      MassDenInAir   EA            CB
[-]       [m]       [kg/m]         [N]           [-]
chainup   0.064929  138.73        545000000     1.0                                                                                                                                                                                                            
polyester 9.0       8.0           7.0           6.0                                                                                                                                                                                                            
material  323        3              43          3434                                                                                                                                                                                                           
---------------------- NODE PROPERTIES ---------------------------------------
Node  Type       X       Y       Z      M     B     FX    FY    FZ
[-]   [-]       [m]     [m]     [m]    [kg]  [mˆ3]  [N]   [N]   [N]
1     fix        0    -520      -120    0     0      #     #     #                                                                                                                                                                                             
2     Vessel     0     -20      -40     0     0      #     #     #                                                                                                                                                                                             
3     fix        0    -520      -120    0     0      #     #     #                                                                                                                                                                                             
4     Vessel     0     -20      -40     0     0      #     #     #                                                                                                                                                                                             
---------------------- LINE PROPERTIES ---------------------------------------
Line  LineType  UnstrLen  NodeAnch  NodeFair  Flags
[-]      [-]       [m]       [-]       [-]       [-]
1        chainup   680        1         2        plot gx_pos h_fair damage_time 99 omit_contact                                                                                                                                                                
2        chainup   680        3         4        plot gx_pos omit_contact gx_force                                                                                                                                                                             
---------------------- SOLVER OPTIONS-----------------------------------------
Option 
[-] 
help                                                                                                                                                                                                                                                           
inner_ftol 1e-6                                                                                                                                                                                                                                                
inner_gtol 1e-12                                                                                                                                                                                                                                               
inner_xtol 1e-6                                                                                                                                                                                                                                                
outer_tol 1e-4                                                                                                                                                                                                                                                 
inner_max_its 400                                                                                                                                                                                                                                              
outer_max_its 400                                                                                                                                                                                                                                              
 repeat 90 180 -90                                                                                                                                                                                                                                             
