---------------------- LINE DICTIONARY ---------------------------------------
LineType  Diam      MassDenInAir   EA            CB
(-)       (m)       (kg/m)        (N)           (-)
chainup   0.064929  138.73        545000000     1.0 
---------------------- NODE PROPERTIES ---------------------------------------
Node  Type       X       Y       Z      M     B     FX    FY    FZ
(-)   (-)       (m)     (m)     (m)    (kg)  (mˆ3)  (N)  (N)  (N)
1     fix        0    -520      -120    0     0      #     #     #
2     Vessel     0     -20      -40     0     0      #     #     # 
3     fix        0    -520      -120    0     0      #     #     #
4     Vessel     0     -20      -40     0     0      #     #     # 
---------------------- LINE P ROPERTIES ---------------------------------------
Line    LineType  UnstrLen  NodeAnch  NodeFair  Flags
(-)      (-)       (m)       (-)       (-)       (-)
1        chainup   680        1         2        omit_contact h_fair v_fair azimuth altitude altitude_anch 
2        chainup   680        3         4        omit_contact
---------------------- SOLVER OPTIONS-----------------------------------------
Option 
(-) 
 help
inner_ftol 1e-6
inner_gtol 0
inner_xtol 1e-6
inner_max_its 400
outer_max_its 400