---------------------- LINE DICTIONARY ---------------------------------------
LineType  Diam      MassDenInAir   EA            CB
(-)       (m)       (kg/m)        (N)           (-)
chainup   0.064929  138.73        545000000     1.0 
polyester 9.0       8.0           7.0           6.0
material  323        3              43          3434
---------------------- NODE PROPERTIES ---------------------------------------
Node  Type       X       Y       Z      M     B     FX    FY    FZ
(-)   (-)       (m)     (m)     (m)    (kg)  (mˆ3)  (N)  (N)  (N)
1     fix        0    -520      -120    0     0      #     #     #
2     Vessel     0     -20      -40     0     0      #     #     # 
3     fix        0    -520      -120    0     0      #     #     #
4     Vessel     0     -20      -40     0     0      #     #     # 
---------------------- LINE P ROPERTIES ---------------------------------------
Element  LineType  UnstrLen  NodeAnch  NodeFair  Flags
(-)      (-)       (m)       (-)       (-)       (-)
1        chainup   680        1         2        plot gx_pos h_fair damage_time 99 omit_contact
2        chainup   680        3         4        plot  omit_contact
---------------------- SOLVER OPTIONS-----------------------------------------
Option 
(-) 
!help
inner_ftol 1e-6
inner_gtol 1e-12
inner_xtol 1e-6
outer_tol 1e-4
inner_max_its 400
outer_max_its 400
repeat 90 180 -90